Using Power View: my_analysis_view_setup.
Load RC corner of view my_analysis_view_setup

Begin Power Analysis

             0V	    VSSO
             0V	    VSS
          1.62V	    VDDO
          1.62V	    VDD

Begin Processing Timing Library for Power Calculation

Begin Processing Timing Library for Power Calculation



Begin Processing Power Net/Grid for Power Calculation

Ended Processing Power Net/Grid for Power Calculation: (cpu=0:00:00, real=0:00:00, mem(process/total/peak)=1799.70MB/3503.22MB/1799.70MB)

Begin Processing Timing Window Data for Power Calculation

CK: assigning clock clk to net clk
Ended Processing Timing Window Data for Power Calculation: (cpu=0:00:00, real=0:00:00, mem(process/total/peak)=1799.70MB/3503.22MB/1799.70MB)

Begin Processing User Attributes

Ended Processing User Attributes: (cpu=0:00:00, real=0:00:00, mem(process/total/peak)=1799.70MB/3503.22MB/1799.70MB)

Begin Processing Signal Activity


Starting Levelizing
2026-May-21 13:05:05 (2026-May-21 07:35:05 GMT)
2026-May-21 13:05:05 (2026-May-21 07:35:05 GMT): 10%
2026-May-21 13:05:05 (2026-May-21 07:35:05 GMT): 20%
2026-May-21 13:05:05 (2026-May-21 07:35:05 GMT): 30%
2026-May-21 13:05:05 (2026-May-21 07:35:05 GMT): 40%
2026-May-21 13:05:05 (2026-May-21 07:35:05 GMT): 50%
2026-May-21 13:05:05 (2026-May-21 07:35:05 GMT): 60%
2026-May-21 13:05:05 (2026-May-21 07:35:05 GMT): 70%
2026-May-21 13:05:05 (2026-May-21 07:35:05 GMT): 80%
2026-May-21 13:05:05 (2026-May-21 07:35:05 GMT): 90%

Finished Levelizing
2026-May-21 13:05:05 (2026-May-21 07:35:05 GMT)

Starting Activity Propagation
2026-May-21 13:05:05 (2026-May-21 07:35:05 GMT)
2026-May-21 13:05:05 (2026-May-21 07:35:05 GMT): 10%
2026-May-21 13:05:05 (2026-May-21 07:35:05 GMT): 20%
2026-May-21 13:05:05 (2026-May-21 07:35:05 GMT): 30%

Finished Activity Propagation
2026-May-21 13:05:05 (2026-May-21 07:35:05 GMT)
Ended Processing Signal Activity: (cpu=0:00:00, real=0:00:00, mem(process/total/peak)=1799.70MB/3503.22MB/1799.70MB)

Begin Power Computation

      ----------------------------------------------------------
      # of cell(s) missing both power/leakage table: 0
      # of cell(s) missing power table: 0
      # of cell(s) missing leakage table: 0
      ----------------------------------------------------------



Starting Calculating power
2026-May-21 13:05:05 (2026-May-21 07:35:05 GMT)
 ... Calculating switching power
2026-May-21 13:05:05 (2026-May-21 07:35:05 GMT): 10%
2026-May-21 13:05:05 (2026-May-21 07:35:05 GMT): 20%
2026-May-21 13:05:05 (2026-May-21 07:35:05 GMT): 30%
2026-May-21 13:05:05 (2026-May-21 07:35:05 GMT): 40%
2026-May-21 13:05:05 (2026-May-21 07:35:05 GMT): 50%
 ... Calculating internal and leakage power
2026-May-21 13:05:05 (2026-May-21 07:35:05 GMT): 60%
2026-May-21 13:05:05 (2026-May-21 07:35:05 GMT): 70%
2026-May-21 13:05:05 (2026-May-21 07:35:05 GMT): 80%
2026-May-21 13:05:05 (2026-May-21 07:35:05 GMT): 90%

Finished Calculating power
2026-May-21 13:05:05 (2026-May-21 07:35:05 GMT)
      # of MSMV cell(s) missing power_level: 0
Ended Power Computation: (cpu=0:00:00, real=0:00:00, mem(process/total/peak)=1799.96MB/3503.22MB/1799.96MB)

Begin Processing User Attributes

Ended Processing User Attributes: (cpu=0:00:00, real=0:00:00, mem(process/total/peak)=1799.96MB/3503.22MB/1799.96MB)

Ended Power Analysis: (cpu=0:00:00, real=0:00:00, mem(process/total/peak)=1799.96MB/3503.22MB/1799.96MB)

Begin Boundary Leakage Calculation
Ended Boundary Leakage Calculation: (cpu=0:00:00, real=0:00:00,
mem(process/total/peak)=1799.96MB/3503.22MB/1799.96MB)
Begin Static Power Report Generation
*----------------------------------------------------------------------------------------
*	Innovus 21.15-s110_1 (64bit) 09/23/2022 13:08 (Linux 3.10.0-693.el7.x86_64)
*	
*
* 	Date & Time:	2026-May-21 13:05:05 (2026-May-21 07:35:05 GMT)
*
*----------------------------------------------------------------------------------------
*
*	Design: alu_top
*
*	Liberty Libraries used:
*	        my_analysis_view_setup: /home/vlsi3/Downloads/scl_pdk/stdlib/fs120/liberty/lib_flow_ss/tsl18fs120_scl_ss.lib
*	        my_analysis_view_setup: /home/vlsi3/Downloads/scl_pdk/iolib/cio250/synopsys/2002.05/models/tsl18cio250_max.lib
*
*	Parasitic Files used:
*
*       Power View : my_analysis_view_setup
*
*       User-Defined Activity : N.A.
*
*       Activity File: N.A.
*
*       Hierarchical Global Activity: N.A.
*
*       Global Activity: N.A.
*
*       Sequential Element Activity: 0.200000
*
*       Primary Input Activity: 0.200000
*
*       Default icg ratio: N.A.
*
*       Global Comb ClockGate Ratio: N.A.
*
*	Power Units = 1mW
*
*	Time Units = 1e-09 secs
*
*       report_power
*
-----------------------------------------------------------------------------------------
*



Total Power
-----------------------------------------------------------------------------------------
Total Internal Power:       13.73405563 	   88.6673%
Total Switching Power:       1.73550715 	   11.2045%
Total Leakage Power:         0.01986166 	    0.1282%
Total Power:                15.48942444
-----------------------------------------------------------------------------------------


Group                           Internal   Switching     Leakage       Total  Percentage 
                                Power      Power         Power         Power  (%)        
-----------------------------------------------------------------------------------------
Sequential                        0.1077       1.616   7.084e-06       1.724       11.13
Macro                                  0           0           0           0           0
IO                                 13.51           0     0.01919       13.53       87.38
Physical-Only                          0           0   0.0003188   0.0003188    0.002058
Combinational                     0.1116       0.119   2.931e-05      0.2307       1.489
Clock (Combinational)                  0           0           0           0           0
Clock (Sequential)                     0           0           0           0           0
-----------------------------------------------------------------------------------------
Total                              13.73       1.736     0.01954       15.49         100
-----------------------------------------------------------------------------------------


Rail                  Voltage   Internal   Switching     Leakage       Total  Percentage 
                                Power      Power         Power         Power  (%)        
-----------------------------------------------------------------------------------------
VDDO                     1.62      6.757           0    0.009913       6.767       43.69
VDD                      1.62      6.977       1.736    0.009949       8.722       56.31
 
 
-----------------------------------------------------------------------------------------
*	Power Distribution Summary: 
*              Highest Average Power:                      pclk (pc3c01):            1.079
*              Highest Leakage Power:                      pcin (pc3d01):        0.0006376
*                Total Cap:      3.5665e-11 F
*                Total instances in design:   112
*                Total instances in design with no power:     0
*                Total instances in design with no activty:     0

*                Total Fillers and Decap:     1
-----------------------------------------------------------------------------------------
 
** INFO:  (VOLTUS_POWR-3465): There are 0 decaps and 0 fillers in the design

Ended Static Power Report Generation: (cpu=0:00:00, real=0:00:00,
mem(process/total/peak)=1799.96MB/3503.22MB/1799.96MB)

